Portal:Biology
Biology
Biologist
Allometric engineering
Bacteriophage
Bibliography of encyclopedias: biology
Bioactive agents
Bioactive terrarium
Bioelectromagnetics
Biological constraints
Biological dark matter
Biological data
Biological exponential growth
Biological life cycle
Biological organisation
Biological rules
Bioresilience
Biosemiotics
Biostasis
Comparator system
Cultural hitchhiking
Deformity
Dying
Endogeny (biology)
Feminist biology
Fenestra
Genotype
High throughput biology
Indeterminate growth
Infectious tolerance
Intersex (biology)
Kleptoprotein
Macrobiology
Modes of toxic action
Neontology
Old age
Parabiosis
Radioactivity in the life sciences
Sessility (motility)
Sociobiology
Stercomata
Synthetic microbial consortia
Thermophyte
Tokogeny
Universality–diversity paradigm
Category:Biology by city
Category:Biology by country subdivision
Category:Biology by dependent territory
Category:Biology by country
Category:Branches of biology
Category:Organisms
Category:Biologists
Category:Biology-related lists
Category:Works about biology
Category:Biology awards
Category:Biocides
Category:Biomagnetics
Category:Biotechnology
Category:Biological censuses
Category:Biological classification
Category:Biological concepts
Category:Biology conferences
Category:Biology controversies
Category:Biology and culture
Category:Biological descriptions
Category:Biology education
Category:Eukaryote biology
Category:History of biology
Category:Biology images
Category:Biological interactions
Category:Biology organizations
Category:Philosophy of biology
Category:Biological processes
Category:Quantum biology
Category:Biological records
Category:Biological rules
Category:Biological systems
Category:Biological techniques and tools
Category:Biology terminology
Category:Unsolved problems in biology
Category:Biological waste
Category:Biology stubs
Category:Medicine by city
Category:Medicine by country subdivision
Category:Medicine by dependent territory
Category:Biology in Bermuda
Category:Biology in the British Virgin Islands
Category:Biology in the Cayman Islands
Category:Biology in Gibraltar
Category:Medicine by country
Category:Paleontology by country
Category:Biotechnology by country
Category:Botany by country
Category:Ecology by country
Category:Biology organizations by country
Category:Zoology by country
Category:Biology in Afghanistan
Category:Biology in Albania
Category:Biology in Algeria
Category:Biology in Andorra
Category:Biology in Angola
Category:Biology in Antigua and Barbuda
Category:Biology in Argentina
Category:Biology in Armenia
Category:Biology in Australia
Category:Biology in Austria
Category:Biology in Azerbaijan
Category:Biology in the Bahamas
Category:Biology in Bahrain
Category:Biology in Bangladesh
Category:Biology in Barbados
Category:Biology in Belarus
Category:Biology in Belgium
Category:Biology in Belize
Category:Biology in Benin
Category:Biology in Bolivia
Category:Biology in Bosnia and Herzegovina
Category:Biology in Botswana
Category:Biology in Brazil
Category:Biology in Brunei
Category:Biology in Bulgaria
Category:Biology in Burkina Faso
Category:Biology in Burundi
Category:Biology in Cambodia
Category:Biology in Cameroon
Category:Biology in Canada
Category:Biology in Cape Verde
Category:Biology in the Central African Republic
Category:Biology in Chad
Category:Biology in Chile
Category:Biology in China
Category:Biology in Colombia
Category:Biology in the Democratic Republic of the Congo
Category:Biology in Costa Rica
Category:Biology in Croatia
Category:Biology in Cuba
Category:Biology in Cyprus
Category:Biology in the Czech Republic
Category:Biology in Denmark
Category:Biology in Dominica
Category:Biology in the Dominican Republic
Category:Biology in East Timor
Category:Biology in Ecuador
Category:Biology in Egypt
Category:Biology in El Salvador
Category:Biology in Estonia
Category:Biology in Eswatini
Category:Biology in Ethiopia
Category:Biology in Fiji
Category:Biology in Finland
Category:Biology in France
Category:Biology in Gabon
Category:Biology in the Gambia
Category:Biology in Georgia (country)
Category:Biology in Germany
Category:Biology in Ghana
Category:Biology in Greece
Category:Biology in Grenada
Category:Biology in Guatemala
Category:Biology in Guinea
Category:Biology in Guinea-Bissau
Category:Biology in Guyana
Category:Biology in Haiti
Category:Biology in Honduras
Category:Biology in Hungary
Category:Biology in Iceland
Category:Biology in India
Category:Biology in Indonesia
Category:Biology in Iran
Category:Biology in Iraq
Category:Biology in Ireland
Category:Biology in Israel
Category:Biology in Italy
Category:Biology in Ivory Coast
Category:Biology in Jamaica
Category:Biology in Japan
Category:Biology in Jordan
Category:Biology in Kazakhstan
Category:Biology in Kenya
Category:Biology in Kiribati
Category:Biology in Kosovo
Category:Biology in Kuwait
Category:Biology in Kyrgyzstan
Category:Biology in Lithuania
Category:Biology in Malaysia
Category:Biology in Mexico
Category:Biology in Myanmar
Category:Biology in Nepal
Category:Biology in the Netherlands
Category:Biology in New Zealand
Category:Biology in Nigeria
Category:Biology in Norway
Category:Biology in Pakistan
Category:Biology in Paraguay
Category:Biology in Peru
Category:Biology in the Philippines
Category:Biology in Poland
Category:Biology in Portugal
Category:Biology in Romania
Category:Biology in Russia
Category:Biology in Saint Kitts and Nevis
Category:Biology in Senegal
Category:Biology in Slovakia
Category:Biology in Slovenia
Category:Biology in South Africa
Category:Biology in Spain
Category:Biology in Sri Lanka
Category:Biology in Sweden
Category:Biology in Switzerland
Category:Biology in Taiwan
Category:Biology in Tajikistan
Category:Biology in Thailand
Category:Biology in Turkey
Category:Biology in Uganda
Category:Biology in Ukraine
Category:Biology in the United Arab Emirates
Category:Biology in the United Kingdom
Category:Biology in the United States
Category:Biology in Uruguay
Allometry
Anatomy
Archaeobiology
Astrobiology
Bioclimatology
Biocybernetics
Biomedicine
Chemical biology
Chemoproteomics
Citrology
Cognitive biology
Cranial evolutionary allometry
Ecological evolutionary developmental biology
Eidonomy
Ethnobiology
Experimental biology
Folk biology
Forensic biology
Gerontology
Glycobiology
Hydrobiology
Idiobiology
Lichenology
Lipidology
Mechanobiology
Microbiology
Morphology (biology)
Mycology
Neuromechanics
Organography
Pathology
Pharmacometabolomics
Phenology
Phenomics
Photobiology
Physiology
Protistology
Quantitative biology
Scotobiology
Welfare biology
Zoology
Category:Branches of botany
Category:Branches of mycology
Category:Subfields of zoology
Category:Subfields of evolutionary biology
Category:Branches of genetics
Category:Biologists by field of research
Category:History of biology by subdiscipline
Category:Anatomy
Category:Astrobiology
Category:Biochemistry
Category:Biomedicine
Category:Bionics
Category:Biophysics
Category:Botany
Category:Cell biology
Category:Chemical biology
Category:Chronobiology
Category:Computational biology
Category:Conservation biology
Category:Developmental biology
Category:Ecology
Category:Evolutionary biology
Category:Genetics
Category:Geobiology
Category:Gerontology
Category:Human biology
Category:Branches of immunology
Category:Lichenology
Category:Marine biology
Category:Medicine
Category:Microbiology
Category:Molecular biology
Category:Morphology (biology)
Category:Mycology
Category:Neuroscience
Category:Paleobiology
Category:Pathology
Category:Physiology
Category:Soil biology
Category:Structural biology
Category:Systems biology
Category:Taxonomy (biology)
Category:Zoology
Organism
Fauna
Flora
Kuckaraukia
Category:Biota by biogeographic realm
Category:Biota by conservation status
Category:Biota by continent
Category:Biota by country
Category:Biota by sea or ocean
Category:Genetics by type of organism
Category:Organisms by adaptation
Category:Organisms by habitat
Category:Organisms by location
Category:Individual organisms
Category:Lists of biota
Category:Animals
Category:Archaea
Category:Bacteria
Category:Biodiversity
Category:Biota of archipelagoes
Category:Chimerism
Category:Common names of organisms
Category:Digital organisms
Category:Discovered cryopreserved organisms
Category:Eukaryotes
Category:Fictional life forms
Category:Flora
Category:Fungi
Category:Hybrid organisms
Category:Legendary creatures
Category:Microorganisms
Category:Model organisms
Category:Mythological creatures
Category:Pests (organism)
Category:Plants
Category:Prehistoric biotas
Category:Prokaryotes
Category:Protista
Category:Set index articles on organisms
Category:Organism size
Category:Superorganisms
Category:Viruses
Category:Wildlife
Biologist
List of biologists
Dora Biro
Category:Biologists by ethnicity
Category:Biologists by century
Category:Biologists by field of research
Category:Biologists by nationality
Category:Lists of biologists
Category:Professorships in biology
Category:Women biologists
Category:Amateur biologists
Category:Biology award winners
Category:Biologists at the University of Cambridge
Category:Cultural depictions of biologists
Category:Fictional biologists
Category:Glycobiologists
Category:Presidents of the International Union of Biochemistry and Molecular Biology
Category:Presidents of the International Union of Biological Sciences
Category:Pseudoscientific biologists
Category:Biologist stubs
Index of biology articles
List of laboratory biosecurity incidents
List of research methods in biology
Outline of biochemistry
Outline of biology
List of anatomical isthmi
Index of anatomy articles
List of animals that produce silk
List of animals by number of neurons
List of clinically important bacteria
List of bacterial disulfide oxidoreductases
List of biodiversity databases
List of Anseriformes by population
List of Apodiformes by population
List of birds by population
List of Charadriiformes by population
List of Ciconiiformes by population
List of Columbiformes by population
List of Coraciiformes by population
List of Cuculiformes by population
List of Falconiformes by population
List of Galliformes by population
List of Gaviiformes by population
List of Gruiformes by population
List of Passeriformes by population
List of Pelecaniformes by population
List of Phoenicopteriformes by population
List of Piciformes by population
List of Podicipediformes by population
List of Procellariiformes by population
List of Psittaciformes by population
List of Sphenisciformes by population
List of Struthioniformes by population
List of Tinamiformes by population
List of Trogoniformes by population
List of camouflage methods
List of chordate orders
List of biological databases
Taxonomy of Drosera
List of EC numbers (EC 1)
List of EC numbers (EC 2)
List of EC numbers (EC 3)
List of EC numbers (EC 4)
List of EC numbers (EC 5)
List of EC numbers (EC 6)
List of EC numbers (EC 7)
List of enzymes
List of sequenced eukaryotic genomes
Index of evolutionary biology articles
List of human protein-coding genes 1
List of human protein-coding genes 2
List of human protein-coding genes 3
List of human protein-coding genes 4
Lists of human genes
List of habitats of principal importance in Wales
List of herbaria in Europe
List of herbaria in North America
List of herbaria in Turkey
List of herbaria
List of human blood components
List of human transcription factors
List of interstitial cells
List of bioinformatics institutions
List of genetically modified crops
List of institutes and centers of the National Institutes of Health
List of OBO Foundry ontologies
List of sequenced bacterial genomes
List of unsolved problems in biology
List of longest-living organisms
List of carnivorans by population
List of elephant species by population
List of even-toed ungulates by population
List of marsupials by population
List of odd-toed ungulates by population
List of primates by population
Lists of mammals by population
List of marine ecoregions
List of microorganisms tested in outer space
List of mitosporic Ascomycota
List of model organisms
Index of molecular biology articles
Outline of ants
Outline of neuroscience
List of neuroscience databases
List of obsolete taxa
Lists of organisms by population
Outline of cell biology
List of parasitic organisms
List of participants in the Evolving Genes and Proteins symposium
List of plant orders
List of prehistoric bryozoan genera
List of proteins
Bibliography of biology
List of scattering experiments
List of brown seaweeds of the Cape Peninsula and False Bay
List of green seaweeds of the Cape Peninsula and False Bay
List of red seaweeds of the Cape Peninsula and False Bay
List of selective estrogen receptor modulators
List of sequenced animal genomes
List of sequenced archaeal genomes
List of sequenced fungi genomes
Lists of sequenced genomes
List of sequenced plant genomes
List of sequenced plastomes
List of sequenced protist genomes
Table of neurotransmitter actions in the ANS
List of biology websites
Category:Biodiversity lists
Category:Lists of biologists
Category:Lists of biota
Category:Ecology lists
Category:Lists of ecoregions
Category:Evolution-related lists
Category:Lists of forests
Category:Genetics-related lists
Category:Glossaries of biology
Category:Lists of human anatomical features
Category:Lists of largest organisms
Category:Life extension lists
Category:Medical lists
Category:Molecular-biology-related lists
Category:Zoology-related lists
Category:Biology books
Category:Biology-themed board games
Category:Films about biology
Category:Works about genetics
Category:Biological literature
Category:Television episodes about biology
Category:Biological simulation video games
List of biology awards
A.O. Kovalevsky Medal
Acharius Medal
Asa Gray Award
Benjamin Franklin Award (Bioinformatics)
Beverton Medal
Bicentenary Medal of the Linnean Society
Biotechnology Heritage Award
H. H. Bloomer Award
Breakthrough Prize in Life Sciences
Chatt Lecture
Clarke Medal
Competitions and prizes in biotechnology
Edwin Grant Conklin Medal
Copley Medal
Darwin Medal
Darwin–Wallace Medal
DeLano Award for Computational Biosciences
Demidov Prize
Early Career Life Scientist Award
Daniel Giraud Elliot Medal
EMBO Gold Medal
EMBO Membership
Ernst Schering Prize
Erzherzog Rainer-Medaille
FASEB Excellence in Science Award
Fenner Medal
Carlos J. Finlay Prize for Microbiology
Flavelle Medal
Fleming Prize Lecture
Frink Medal
Fry Medal
FSBI Medal
Golden Eurydice Award
Louisa Gross Horwitz Prize
Indianapolis Prize
International Biology Olympiad
International Prize for Biology
Iranian Biology Olympiad
Irene Manton Prize
ISCB Innovator Award
K. Radway Allen Award
Kihara Memorial Foundation Academic Award
Kistler Prize
Korean Biology Olympiad
Kyoto Prize in Basic Sciences
Leconte Prize
Leeuwenhoek Medal
Leidy Award
Lieben Prize
Linnean Medal
Linnean Tercentenary Medal
List of awards in bioinformatics and computational biology
List of fellows of the AACR Academy
Macfarlane Burnet Medal and Lecture
March of Dimes Prize in Developmental Biology
Marjory Stephenson Prize
Mary Soper Pope Memorial Award
Grand Prix Charles-Leopold Mayer
John Maynard Smith Prize
MBC Paper of the Year
Pearl Meister Greengard Prize
C. Hart Merriam Award
Merton Bernfield Memorial Award
Methuselah Foundation
Michelson Prize and Grants in Reproductive Biology
Microbiology Society Prize Medal
Miroslav Zei Award
NAS Award in Molecular Biology
National Prize for Natural Sciences (Chile)
Otto Warburg Medal
Overton Prize
Keith R. Porter Lecture
Redi Award
William C. Rose Award
Royal Botanic Garden Edinburgh Medal
Royal Society Africa Prize
Abdus Salam Award
Larry Sandler Memorial Award
Schleiden Medal
Sewall Wright Award
Gilbert Morgan Smith Medal
Stamford Raffles Award
Trail-Crisp Award
UNESCO-Equatorial Guinea International Prize for Research in the Life Sciences
Whitley Awards (Australia)
WICB Junior and Senior Awards
Wiley Prize
William Bate Hardy Prize
E.B. Wilson Medal
C. W. Woodworth Award
Category:Biochemistry awards
Category:Biology award winners
Category:Biomedical awards
Category:Ecology awards
Category:Frink Medal winners
Category:Genetics awards
Category:Medicine awards
Category:Microbiology awards
Category:Neuroscience awards
Category:Ornithology awards
Category:Biophysics awards
Category:Paleontology awards
Biocide
Antimicrobial
Antiparasitic
Anti-protist
Antiprotozoal
Antiviral drug
Avicide
Biofumigation
Biosolarization
Diflubenzuron
Ethylene oxide
Fluorenol
Fungicide
Herbicide
Insecticide
Oligodynamic effect
Pesticide
Rodenticide
Spermicide
Sterilization (microbiology)
TCMTB
Virucide
Category:Biocides by mechanism
Category:Algaecides
Category:Antibiotics
Category:Antimicrobials
Category:Antiparasitic agents
Category:Antiprotozoal agents
Category:Antiviral drugs
Category:Arthropodicides
Category:Avicides
Category:Bactericides
Category:Fungicides
Category:Herbicides
Category:Microbicides
Category:Molluscicides
Category:Pesticides
Category:Rodenticides
Category:Spermicide
Category:Virucides
File:Classification of herbicides according to mechanism of action, chemical family, and herbicide group.png
File:Fungicides and bactericides classification.png
Biomagnetics
Iron oxide nanoparticle
Magnetic resonance imaging
Magnetofection
Nuclear magnetic resonance
Draft:Bioceres
Biotechnology
History of biotechnology
Index of biotechnology articles
Outline of biotechnology
2 base encoding
3DISCO
100K Pathogen Genome Project
ABI Solid Sequencing
Adult stem cell
Agricultural biotechnology
Agrobacterium
Agroinfiltration
ALC-0159
Algae bioreactor
AlgaePARC
ALLO-715
Aminoallyl nucleotide
Amplicon
Analog ear
Animal efficacy rule
Antibody-drug conjugate
Antibody-oligonucleotide conjugate
Antisense therapy
Aptamer
Artificially Expanded Genetic Information System
Arven Pharmaceuticals
3-Arylpropiolonitriles
Aspergillus niger
Assisted reproductive technology
Axenic
Bacterial conjugation
Bacterial therapy
BamHI
Betibeglogene autotemcel
Bio Base Europe
Biobased economy
Biochemistry
Biochip
BioCyc database collection
Bioelectronics
Biofact (philosophy)
Biofunctionalisation
Biohappiness
Biohydrometallurgy
Bioinstructive material
Bioleaching
BioLegend
Biological computing
Biological hydrogen production (algae)
Biomagnetics
Biomanufacturing
Biomarker (medicine)
Biomimetics
Biomin
Biomolecular engineering
BioMotiv
Bionics
Biopesticide
Biopharmaceutical
Biopiracy
Bioprocess
Bioprocess engineering
Bioprocessor
Bioproducts
Bioproducts engineering
Bioreactor
Biorefining
Bioremediation
Biorobotics
Master of Bioscience Enterprise
Bioseparation of 1,3-propanediol
Bioship
Biosimilar
Biostimulation
Biotechnology risk
Biotransducer
Biotransformation
BioWeb
Body capacitance
Brain–brain interface
Broad Institute
Calix Limited
Callus (cell biology)
CALUX
3D cell culturing by magnetic levitation
Cell culture
Chemically defined medium
Cell culture assay
Cell therapy
Cellular Agriculture Society
Cellular microarray
Institute of Himalayan Bioresource Technology
Certolizumab pegol
Chargaff's rules
Chem-seq
Chemical Engineering and Biotechnology Abstracts
Chemically induced dimerization
ChIP sequencing
COLD-PCR
Color Genomics
Colostrum
Combinatorial biology
Comparison of DNA sequencing services
Competitions and prizes in biotechnology
Complex systems biology
Connect (biotechnology organization)
Contract research organization
CRISPR
CRISPR gene editing
CRISPR-Display
Cultured meat
Cunninghamella elegans
Cure Rare Disease
Custom-made medical device
Cyborg
Dendrosome
DEPT (medicine)
Differential display
Digital microfluidics
Directed differentiation
Discovery District
Do-it-yourself biology
DNA
DNA clamp
DNA condensation
DNA-encoded chemical library
DNA field-effect transistor
DNA ligase
DNA separation by silica adsorption
DNA sequencing
DNA‐templated organic synthesis
Dragon silk
DRIP-seq
Duocarmycin
Eadie–Hofstee diagram
Economic importance of bacteria
EcoRI
Eftilagimod alpha
Electrohydrogenesis
Electromethanogenesis
Electroporation
Embryonic stem cell
Enadenotucirev
Engineering biology
Enhanced biological phosphorus removal
Environmental biotechnology
Eradication of suffering
Ethiopian Biotechnology Institute
Exposome
Expression vector
Extremophiles in biotechnology
Fed-batch culture
Female sperm
Fermentek
Fertility fraud
FIND Technology
Fixation (histology)
Flap endonuclease
Flavr Savr
FlowFET
Fluorescent glucose biosensor
Folate targeting
Fragment-based lead discovery
Function-spacer-lipid Kode construct
Fungiculture
Gene delivery
Gene electrotransfer
Gene knock-in
Gene knockout
Gene therapy
Template:Genealogical DNA test
Genetic engineering
Genetically encoded voltage indicator
GeneXpert Infinity
GenoCAD
Genome Project-Write
Genome sequencing of endangered species
Genome Valley
Genotyping by sequencing
Hachimoji DNA
Helicase-dependent amplification
Helicos single molecule fluorescent sequencing
Heterologous expression
High Resolution Melt
High-performance Integrated Virtual Environment
Homing endonuclease
Host cell protein
Human cloning
Human genetic enhancement
Human Genome Project
Human HGF plasmid DNA therapy
Human Medicines Regulations 2012
Hyderabad Pharma City
Hyperhydricity
I-CreI
ILCD
Immune Therapy Holdings
Immunoscreening
Impalefection
In situ bioremediation
In vitro compartmentalization
Inclusion bodies
Index of genetics articles
Individualized cancer immunotherapy
Induced stem cells
Induced-charge electrokinetics
Industrial fermentation
Integrated fluidic circuit
Intestine-on-a-chip
Intracellular delivery
Intron-encoded endonuclease I-SceI
Ion semiconductor sequencing
IRIS (biosensor)
Isoschizomer
Biotechnology industry in Italy
Jeevamrutha
Knockout moss
Kodecyte
Kodevirion
L-Ribonucleic acid aptamer
Lateral flow test
LEAPER gene editing
List of life sciences
Lipid bilayer mechanics
Lipidomics
List of gene therapies
List of genetically modified crops
List of homing endonuclease cutting sites
List of recombinant proteins
List of restriction enzyme cutting sites
List of restriction enzyme cutting sites: A
List of restriction enzyme cutting sites: Ba–Bc
List of restriction enzyme cutting sites: Bd–Bp
List of restriction enzyme cutting sites: Bsa–Bso
List of restriction enzyme cutting sites: Bsp–Bss
List of restriction enzyme cutting sites: Bst–Bv
List of restriction enzyme cutting sites: C–D
List of restriction enzyme cutting sites: E–F
List of restriction enzyme cutting sites: G–K
List of restriction enzyme cutting sites: L–N
List of restriction enzyme cutting sites: O–R
List of restriction enzyme cutting sites: S
List of restriction enzyme cutting sites: T–Z
Living medicine
Long non-coding RNA
Lung-on-a-chip
Lysozyme PEGylation
MAGESTIC
Magnet-assisted transfection
Magnotech
MALBAC
Male egg
Medical Devices Park, Hyderabad
Medicon Valley
Megan and Morag
Meganuclease
Melomics
Metagenics
Michigan Life Sciences Corridor
Microbead (research)
Microbial biodegradation
Microbial electrolysis cell
Microbial electrosynthesis
Microbial food cultures
Microcarrier
Microfluidics
Microinjection
Microphysiometry
Microraft
Minigene
Molecular diagnostics
Molecular glue
Molecular-weight size marker
MolecularLab
Monoclonal antibody
Morpholino
Moss bioreactor
Mutanome
Mutation breeding
Mycoremediation
NAIL-MS
Nanobiotechnology
Nanoneuronics
National Institute of Biotechnology
Nb.BbvCI
Neoepitope
New Research Building
Nic site
Nicking enzyme
NK-92
NlaIII
Nuclear transfer
Nucleic acid thermodynamics
Oncogenomics
Oncolytic adenovirus
Oncolytic herpes virus
Oncomatryx
Open Insulin Project
Optoelectrowetting
Organ-on-a-chip
Out of autoclave composite manufacturing
Palivizumab
Pegol
PEGylation
Personalized medicine
PGreen
Pharming (genetics)
Phosphoproteomics
Photo-reactive amino acid analog
Photobiotin
Phycotechnology
Phytoremediation
Phytotechnology
Pittsburgh Life Sciences Greenhouse
Plant virus
Plasmonic lens
Polly and Molly
Polyclonal antibodies
Polymerase chain reaction
Polyphosphate-accumulating organisms
Prime editing
Primer dimer
Prochymal
Progenitor cell
Protein engineering
Protein precipitation
Protein production
Protein purification
Protein–DNA interaction
Protein–protein interaction
Proteolysis targeting chimera
PTC Therapeutics
PubGene
Pulse vaccination strategy
Purpureocillium lilacinum
PVSRIPO
Pyrosequencing
QMCF Technology
R bodies
Rabbit hybridoma
Rapid antigen test
Rare-cutter enzyme
Rational design
Recombinant DNA
Recombinase polymerase amplification
Registry of Standard Biological Parts
Respiratory inductance plethysmography
Restriction enzyme
Reverse transcription polymerase chain reaction
Ribosomal intergenic spacer analysis
RNA
RNA therapeutics
RNase H-dependent PCR
SCTbio
Seaport Centre
Selection and amplification binding assay
Selective breeding
SequenceBase
Single cell sequencing
Single molecule fluorescent sequencing
Single-cell protein
Single-cell transcriptomics
Single-nucleotide polymorphism
Site-specific recombination
Smart ligand
SMiLE-Seq
SNP genotyping
SNPlex
Solid phase sequencing
Somatic embryogenesis
Somatic fusion
Sonoporation
Sotio
Spatial transcriptomics
Specialty drugs in the United States
Split-intein circular ligation of peptides and proteins
Squalene
Stable isotope labeling by amino acids in cell culture
Stem cell
Strep-tag
Streptamer
Strimvelis
Stromagen
Subcloning
Substantial equivalence
Subtelomere
Suppression subtractive hybridization
Surface tension biomimetics
Surfactant
SynBio
Synchronous coefficient of drag alteration
Synthetic biology
Transfer DNA
TA cloning
Tac-Promoter
Talimogene laherparepvec
Tandem mass tag
Third-generation sequencing
TK cell therapy
TNF inhibitor
Trajectory inference
Transfection
Transfer DNA binary system
Transposon silencing
Trichoderma asperellum
Trichoderma hamatum
Trichoderma stromaticum
Tumor-homing bacteria
UKM Medical Molecular Biology Institute
Biotechnology in pharmaceutical manufacturing
Vaccination
Vectors in gene therapy
ViroCap
Virotherapy
Visible Embryo Project
Whole genome sequencing
WiCell
Xenobiology
Zinc finger nuclease
ZMapp
Category:Biotechnology by country
Category:Biotechnologists
Category:Antibody-drug conjugates
Category:Artificial organs
Category:Biochemical engineering
Category:Biochemistry
Category:Biofuels technology
Category:Bioinformatics
Category:Biological engineering
Category:Bioluminescence
Category:Biomagnetics
Category:Biomedical districts
Category:Biomimetics
Category:Biopunk
Category:Bioreactors
Category:Bioremediation
Category:Biosensors
Category:Biotechnology databases
Category:Breakthrough therapy
Category:Cell imaging
Category:Cloning
Category:Cyborgs
Category:DNA sequencing
Category:Escherichia coli
Category:Genetic engineering
Category:Genome projects
Category:History of biotechnology
Category:Induced stem cells
Category:Industrial enzymes
Category:Biotechnology literature
Category:Biotechnology law
Category:Life sciences industry
Category:Lists of sequenced genomes
Category:Medical technology
Category:Microarrays
Category:Molecular genetics
Category:Nanopunk
Category:Oncolytic virus
Category:Biotechnology organizations
Category:Pharmaceutical isolates
Category:Biotechnology products
Category:Regulation of biotechnologies
Category:Specialty drugs
Category:Stem cell research
Category:Stem cells
Category:Synthetic biology
Category:Therapeutic gene modulation
Category:Translational medicine
Category:Vaccination
Category:Biological warfare
Category:Biotechnology stubs
BioBlitz
Biogeography of Deep-Water Chemosynthetic Ecosystems
Butterfly count
Census of Antarctic Marine Life
Census of Coral Reefs
Census of Diversity of Abyssal Marine Life
Census of Marine Life
Census of Marine Zooplankton
Central Park Squirrel Census
City Nature Challenge
Global Census of Marine Life on Seamounts
Gradsect
Great Elephant Census
List of BioBlitzes in New Zealand
Systematic Census of Australian Plants
Category:Bird censuses
Animalia Paradoxa
ARKive
Boundary paradox
Boundary paradoxes
List of taxa with candidatus status
Circumscriptional name
Cline (biology)
Compositional domain
Conserved name
Cormophyte
Cormus
Crown eukaryotes
Eocyte hypothesis
Evolutionary taxonomy
Form classification
GC-content
List of gene families
Ichnotaxon
Infraspecific name
Isochore (genetics)
Kew Rule
Klepton
MONA number
Nomen novum
Non-cellular life
Pathovar
Phenetics
Quinarian system
Serotype
Sister group
Soft-bodied organism
Superorganism
Svenska Spindlar
Systema Naturae
Systematics
Taphotaxon
Taxon
Taxon in disguise
Taxonomic boundary paradox
Taxonomic boundary paradoxes
Taxonomy (biology)
Three-domain system
Trace fossil classification
Two-domain system
U.S. National Vegetation Classification
Viridiplantae
Virus classification
Woeseian revolution
Category:British National Vegetation Classification
Category:Eukaryotes by classification
Category:Levels of organization (Biology)
Category:Biological nomenclature
Category:Phylogenetics
Category:Protein classification
Category:Sex
Category:Taxonomy (biology)
Category:Tree of life (biology)
Adult
Biological process
Circannual cycle
Compilospecies
Degeneracy (biology)
Field metabolic rate
Globoid (botany)
Inclusive fitness in humans
Locus suicide recombination
Mechanism (biology)
No-analog (ecology)
Polychotomy
Resource (biology)
The Seven Pillars of Life
Social Bonding and Nurture Kinship
Species
Thermolabile
Thermotolerance
Type (biology)
Category:Biological rules
Category:Biological theorems
Category:Biology laws
Category:Evolutionary biology concepts
Category:Genetics concepts
Category:Biological hypotheses
Category:Biology theories
List of systems biology conferences
1995 University of Maryland conference on crime and genetics
Basel Computational Biology Conference
Bioinformatics Open Source Conference
Biological Evolution: Facts and Theories
Conference on Semantics in Healthcare and Life Sciences
Drosophila Research Conference
European Conference on Computational Biology
European Congress of Conservation Biology
Intelligent Systems for Molecular Biology
International Conference on Bioinformatics
ISCB Africa ASBCB Conference on Bioinformatics
International Conference on Systems Biology
International Ornithological Congress
International Plant Nutrition Colloquium
International Year of Planet Earth
List of Intelligent Systems for Molecular Biology keynote speakers
Pacific Symposium on Biocomputing
Pan-African Ornithological Congress
Research in Computational Molecular Biology
Workshop on Algorithms in Bioinformatics
Category:Ornithological conferences
He Jiankui affair
Cause of Cambrian Explosion - Terrestrial or Cosmic?
COVID-19 lab leak theory
Cuvier–Geoffroy debate
The Double Helix
Extraterrestrial life
Great Hippocampus Question
Human Genetic Diversity: Lewontin's Fallacy
Lancet letter (COVID-19)
Nature fakers controversy
Nature versus nurture
Pusztai affair
Séralini affair
The Apportionment of Human Diversity
Three-domain system
William Lawrence Tower
Wells and Wellington affair
Donald I. Williamson
Category:Animal-related controversies
Category:Controversial taxa
Category:Extraterrestrial life
Human uses of living things
Animal epithet
Arthropods in culture
Biology and political science
Biopunk
Body hacking
Disease in fiction
Do-it-yourself biology
Evolution in fiction
Fermentation in food processing
Biology in fiction
Human interactions with fungi
Human interactions with insects
Human interactions with microbes
Human uses of bats
Human uses of birds
Human uses of mammals
Human uses of plants
Human uses of reptiles
Hysteroconcha dione
Molluscs in culture
Mushrooms in art
Pacific Biological Laboratories
Plant epithet
Symbiosis in fiction
Category:Animals in culture
Category:Botanical art
Category:Cultural depictions of biologists
Category:Fiction about dinosaurs
Category:Evolution in popular culture
Category:Fiction about creatures
Category:Forests in culture
Category:Biological hazards
Category:Heads in the arts
Category:Biological mass media
Category:Plants in culture
Species description
Undescribed taxon
Category:Descriptions from Illustrations of Exotic Entomology
Category:Taxa
Category:Undescribed species
AP Biology
Biological illustration
Biology by Team
Canadian Stem Cell Foundation
Creation and evolution in public education
Edinburgh BioQuarter
Fetal pig
GRE Biology Test
Inter University Center for Bioscience
Journal of Bioscience and Bioengineering
Phoenix Union Bioscience High School
SAT Subject Test in Biology E/M
SEA-PHAGES
SensUs
Teacher Institute for Evolutionary Science
UCI School of Biological Sciences
Category:Biology competitions
Category:Biology-themed board games
Category:Genetics education
Category:Biology education in the United Kingdom
Category:Biological simulation video games
CoRR hypothesis
Cytoplasmic hybrid
Integrated stress response
Viral eukaryogenesis
Category:Eukaryotic cells
Category:Eukaryote genetics
Category:Eukaryote proteins
Category:SAR supergroup biology
History of biology
History of agricultural science
History of anatomy
Anecdotal cognitivism
History of Animals
Aristotle's biology
History of artificial life
Peter J. Bowler
Cabinet of curiosities
History of research on Caenorhabditis elegans
History of cell membrane theory
Cell theory
Coral of life
History of dendrobatid frogkeeping
History of electrophoresis
Extended evolutionary synthesis
Germ plasm
The Growth of Biological Thought
History and Philosophy of the Life Sciences
Humboldtian science
International Biological Program
International Phytogeographic Excursion
International Society for the History, Philosophy, and Social Studies of Biology
Kitāb al-Hayawān
Microscopic discovery of microorganisms
History of model organisms
Molecular Structure of Nucleic Acids: A Structure for Deoxyribose Nucleic Acid
Natural history
Nature study
Ohno's law
One gene–one enzyme hypothesis
Organic memory
Pangenesis
Parable of the Sunfish
Parson-naturalist
Phage group
Physiologus
History of plant systematics
History of polymerase chain reaction
Preformationism
Quinarian system
Taxonomic boundary paradox
Tree of life (biology)
Vital heat
Vitalism
Category:History of biology by subdiscipline
Category:Biology by year
Category:Biology by decade
Category:Biology by century
Category:Biologists
Category:History of bioethics
Category:Biology and natural history in the Dutch Republic
Category:Biological events
Category:Biology experiments
Category:Historians of biology
Category:Natural history
Category:Obsolete biology theories
Category:Obsolete taxa
Category:Biology timelines
Category:Images of animals
Category:Paleontology images
File:DUF4596 Region from PRP36.png
File:Gaurav mockup.png
File:Oxford Dictionary of Biology.jpg
File:PRP36 Cellular Location.png
File:PRP36 Ductal Carcinoma Mammary Gland.png
File:PRP36 Human Tissues.png
File:PRP36 Human Transcriptome.png
File:PRP36 Interacting Proteins.png
File:Unigene EST Tissue Expression for PRP36.png
File:Wych-Elm selborne.jpg
Biological interaction
Antibiosis
Camouflage
Cancer selection
Carnivore
Cheating (biology)
Commensalism
Competition (biology)
Competitive exclusion principle
Consumer–resource interactions
Critical distance (animals)
Crypsis
Ecological facilitation
Epibiont
Exploitative interactions
Fecundity selection
Heterotrophic nutrition
Holozoic nutrition
Host (biology)
Host–pathogen interaction
Interspecific competition
Intraguild predation
Intraspecific competition
Isotricha
Kappa organism
Microbivory
Mutualism (biology)
Mutualism Parasitism Continuum
Natural selection
Nocturnality
Paradox of the plankton
PHI-base
Popularity
Resource (biology)
Scramble competition
Size-asymmetric competition
Syntrophy
Territory (animal)
Category:Aggression
Category:Chemosynthetic symbiosis
Category:Biological defense mechanisms
Category:Eating behaviors
Category:Mutualism (biology)
Category:Reproduction
Category:Symbiosis
African Society for Bioinformatics and Computational Biology
American Society for Bone and Mineral Research
ASME BPE
Association for Politics and the Life Sciences
Belarusian State University Faculty of Biology
Canadian Society of Microbiologists
Colegio de Biólogos del Perú
Diversitas
Environmental Mutagenesis and Genomics Society
Estonian Malacological Society
Estonian Naturalists' Society
European Society for Evolutionary Biology
Federation of American Societies for Experimental Biology
Global Ocean Ecosystem Dynamics
Global Species List Working Group
Instituto Biológico
International Association for Lichenology
International Society for Biosemiotic Studies
International Society for Plant Pathology
International Society of Biometeorology
International Society of Developmental Biologists
International Union of Biological Sciences
International Union of Game Biologists
IUGB
Jakob von Uexküll Centre
Life Sciences Research Office
List of National Association of Biology Teachers presidents
Mammal Research Institute of the Polish Academy of Sciences
Mammal Society of Japan
National Association of Biology Teachers
National Microbial Pathogen Data Resource
Netherlands Malacological Society
North Pacific Marine Science Organization
Ordem dos Biólogos
Pacific Biodiversity Information Forum
Pan American Association of Anatomy
Pathema
Royal Physical Society of Edinburgh
Society for Biodemography and Social Biology
Society for Experimental Biology and Medicine
Strategic Advisory Group of Experts
Systematic and Evolutionary Biogeography Association
WHO Expert Committee on Biological Standardization
World Association of Copepodologists
Category:Biology organizations by country
Category:Biochemistry organizations
Category:Bioinformatics organizations
Category:Biomedical research foundations
Category:Biophysics organizations
Category:Biotechnology organizations
Category:Botany organizations
Category:Ecology organizations
Category:Genetics organizations
Category:Biological research institutes
Category:Medical and health organizations
Category:Microbiology organizations
Category:Molecular biology organizations
Category:Mycology organizations
Category:Biology societies
Category:Taxonomy (biology) organizations
Category:Zoology organizations
Category:Biology organization stubs
Philosophy of biology
Antinatalism
Autopoiesis and Cognition: The Realization of the Living
Behind the Mirror
Bioethics
Biofacticity
Biological naturalism
Biology & Philosophy
Carnism
Chemoton
Clade
Cladistics
Conservation biology
Dawkins vs. Gould
Biological determinism
Developmental biology
Developmental homeostasis
Evolutionary biology
Feminist biology
Fisherian runaway
The Growth of Biological Thought
History and Philosophy of the Life Sciences
International Society for the History, Philosophy, and Social Studies of Biology
Monad to Man
Monarch Watch
Natalism
Natural design
Natural landscape
Natural Theology or Evidences of the Existence and Attributes of the Deity
Neurophilosophy
Parable of the Sunfish
Philosophy of medicine
Precambrian rabbit
The Seven Pillars of Life
Shadow biosphere
Structuralism (biology)
Teleology in biology
Transformed cladistics
What Is Life?
Category:Antinatalism
Category:Bioethics
Category:Biological concepts
Category:Deep ecology
Category:Developmental biology
Category:Natalism
Category:Philosophers of biology
Category:Philosophy of sexuality
Biological process
Assimilation (biology)
Basics of blue flower colouration
Basics of white flower colouration
Biochemical cascade
Biocommunication (science)
Biological rhythm
Biomineralization
Biomolecular engineering
Biotinylation
The Chemical Basis of Morphogenesis
Chemosynthesis
Chronobiology
Codon reassignment
Cyclomorphosis
Degranulation
Electrolithoautotroph
Field cancerization
Free radical
Gas exchange
Hydrogen sulfide chemosynthesis
Hydroxyl radical
Imbibition
Immunoglobulin class switching
Isothermal microcalorimetry
Kinetic proofreading
N-philes
Palmitate mediated localization
Photosynthesis
PI curve
Process
Proofreading (biology)
Radical (chemistry)
Replicate (biology)
Sclerobiont
Sex
Spontaneous absolute asymmetric synthesis
Substrate presentation
Thermal analysis
Thrifty phenotype
Transcellular transport
Transdifferentiation
Turing pattern
Xenohormesis
Category:Biogeomorphology
Category:Cellular processes
Category:Evolutionary processes
Category:Homeostasis
Category:Immune system process
Category:Pigmentation
Category:Reproduction
Category:Self-replication
Category:Senescence
Category:Viral life cycle
Quantum biology
Basics of blue flower colouration
Basics of white flower colouration
Davydov soliton
Alexander Davydov
Jim Al-Khalili
Seth Lloyd
Magnetoreception
Johnjoe McFadden
Orchestrated objective reduction
Photosynthesis
Quantum Aspects of Life
Nigel Scrutton
Luca Turin
Vibration theory of olfaction
What Is Life?
Acmella nana
Big Jake (horse)
Blue whale
Cephalopod size
Shridhar Chillal
Colonel Meow
Fastest animals
List of heaviest people
List of birds by flight heights
List of people with the most children
List of oldest fathers
Organisms at high altitude
Pregnancy over age 50
Registry of World Record Size Shells
Sampson (horse)
List of the verified shortest people
Smallest organisms
List of tallest people
List of superlative trees
Ayanna Williams
List of youngest birth fathers
List of youngest birth mothers
Category:Heaviest or most massive organisms
Category:Largest organisms
Category:Lists of people-related superlatives
Category:Oldest organisms
Category:Origin of life
Biological rules
Bateson's rule
Competitive exclusion principle
Cope's rule
Cospeciation
Dollo's law of irreversibility
Emery's rule
Fahrenholz's rule
Haldane's rule
Jarman-Bell principle
Lack's principle
Rensch's rule
Rosa's rule
Von Baer's laws (embryology)
Category:Ecogeographic rules
Biological system
Biological systems engineering
Biosphere
Calcium in biology
Cobalt in biology
Deep biosphere
Developmental systems theory
Ecological collapse
Ecosystem
Ecosystem model
Free energy principle
Iodine in biology
Iron in biology
Irreducible complexity
Living systems
Magnesium in biology
Manganese in biology
Microcosm (experimental ecosystem)
Molybdenum in biology
Potassium in biology
Regeneration (ecology)
Selenium in biology
Sodium in biology
Svenska Spindlar
Systema Naturae
Zinc in biology
Category:Arsenic in biology
Category:Ecosystems
Category:Evolution of the biosphere
Category:Lithium in biology
Category:Organ systems
Agarose gel electrophoresis
Altered nuclear transfer
Alzheimer's Disease Neuroimaging Initiative
Antibody testing
Aseptic sampling
Biocontainment of genetically modified organisms
Bioelectrospray
Biological imaging
Biological network
Biological tests of necessity and sufficiency
Biomarker
Biositemap
Camera trap
Campenot chamber
Capillary electrochromatography
Cell cycle analysis
7-Chlorokynurenic acid
Chromatography
Colony picker
Copurification
CyTOF
Cytometry
Dissection
DNA laddering
E-SCREEN
Electrochromatography
Electrophoretic color marker
Electrophoretic mobility shift assay
Embryo drawing
Empire (program)
Experimental biology
Fast-scan cyclic voltammetry
FI6 (antibody)
Fluctuation-enhanced sensing
Gravity-assisted microdissection
Imaging biomarker
Immunodiffusion
Immunofluorescence
In situ hybridization
In vitro models for calcification
ION LMD
Lanthanide probes
Laser capture microdissection
LiMETER
List of environmental sampling techniques
Luminex Corporation
Mesowear
Metaproteomics
Methyl green
Molecular risk assessment
Molecular-weight size marker
Neutron-velocity selector
Non-invasive micro-test technology
Optogenetic methods to record cellular activity
Optogenetics
Ouchterlony double immunodiffusion
ParaSurf
Pathatrix
Peptide microarray
Plasmid preparation
Prosection
Pulsed-field gel electrophoresis
Radar ornithology
Radial immunodiffusion
Reagent
Recognition signal
Relative rate test
Sampling (medicine)
Sarfus
Sca-1
Scaffolding (bioinformatics)
SeaSeep
Sensing of phage-triggered ion cascades
Sherman trap
SOS chromotest
Spiral plater
Staining
Time-lapse microscopy
Ultramicrotomy
Waru Waru
Z-factor
Category:Biochemistry methods
Category:Cell imaging
Category:Cloning
Category:Ecological techniques
Category:Entomology equipment
Category:Environmental Sampling Equipment
Category:Flow cytometry
Category:Fluorescence techniques
Category:Genetics techniques
Category:Microbiology equipment
Category:Microbiology techniques
Category:Biological models
Category:Molecular biology techniques
Category:Reagents for biochemistry
Biology
Allee effect
Anthropophilia
Astroecology
Autotoxicity
Autotroph
Auxology
Batch effect
Belt transect
Benthos
Biodilution
Biofact (biology)
Biogeography
Biological dark matter
Biological pollution
Biological target
Biomarker
Biophotonics
Biosignal
Biosignature
Canopy (biology)
Catabiosis
Cephalic
Chaperome
Chemotroph
Clade
Class (biology)
Climax species
Cline (biology)
Commissure
Compilospecies
Conservation biology
Conservation status
Corneous
Cranial vault
Decussation
Dexiothetism
Disjunct distribution
Durophagy
Ecological classification
Ecological succession
Ecological trap
Ecosystem engineer
Ecotone
Edge effects
Effector (biology)
Experimental factor ontology
Endemism
Entrainment (biomusicology)
Biophysical environment
Evolution of molecular chaperones
Exopheromone
Facultative
Flux (biology)
Function (biology)
Globoid (botany)
Glossary of invasion biology terms
Gracility
Haplotype block
Heterotroph
Hindgut fermentation
Homeostasis
Hybrid (biology)
Hybrid incompatibility
Individuation
Infraspecific name
Keystone species
Kingdom (biology)
Klepton
Landrace
Landscape limnology
Legion (taxonomy)
Liana
Earliest known life forms
Live crown
Matriphagy
MERMOZ
Modularity (biology)
Molluscivore
Monoclonality
Monogastric
Mycobiota
Natural competence
Natural landscape
Obligate
Oophagy
Oxford Dictionary of Biology
Paratype
Patch dynamics
Perceptual trap
Perennation
Permanent vegetative cover
Permissiveness (biology)
Photoautotrophism
Photoheterotroph
Photokinesis
Photoperiodism
Phototaxis
Phototroph
Phototropism
Phytogeography
Plant litter
Postglacial vegetation
Proteostasis
Psammon
Psammophyte
Pyrrolizidine alkaloid sequestration
Range state
Redundancy principle (biology)
Relict
Reproductive interference
Rimose
Runt
Smash and Grab (biology)
Sociome
Soil seed bank
Species
Storage organ
Subphylum
Subspecies
Substrate (biology)
Subvariety
Suctorial
Syngameon
Tasmanian coniferous shrubbery
Taxonomic rank
Temperature-sensitive mutant
Thanatocoenosis
Tiller (botany)
Toxin
Tropical vegetation
Understory
Vagrancy (biology)
Whorl (biology)
Woody plant
Xerophile
Z-value (temperature)
Category:Biological nomenclature
Category:Biological rules
Category:Botanical terminology
Category:Ecology terminology
Category:Evolutionary biology terminology
Category:Glossaries of biology
Category:Latin biological phrases
Unsolved problems in biology
Avalon explosion
Cambrian explosion
Extraterrestrial life
Missing heritability problem
Nanobacterium
Species concept
Category:Ailments of unknown cause
Category:Unsolved problems in neuroscience
Banana peel
Biomedical waste
Blue ice (aviation)
Brewer's spent grain
Human waste
Shit flow diagram
Category:Animal waste products
Category:Excretion
Category:Medical waste
Template:Biology-stub
Acidophobe
Acricotopus lucens
Acrosome
Adelphogamy
Adrenopause
Alliance (taxonomy)
Allogamy
Annual cycle
Artificial reproduction
Associated reproductive pattern
Autotoky
Azurophilic granule
Bateson's cube
Biconcave disc
Bioculture
Biodistribution
Biofact (biology)
Biological computation
Biological cost
Biological economics
Biological imaging
Biological station
Bionta
Biothermia
Blastoid (embryoid)
Boana gladiator
Body (biology)
Bradyaerobic
Buffer P2
Bystander effect (radiobiology)
Cell ontology
Cellular thermal shift assay
Choanosome
Chromosome regions
Clumping (biology)
Codon reassignment
Commissure
Comutagen
Cophenetic
Cormus
Corneometry
Corneous
Crustose
Cryotank
Cycle of quantification/qualification
Cyclomorphosis
Depensation
Dibling
Diphyodont
Division (biology)
Eastern black-handed tamarin
Ecnomiohyla veraguensis
Effective half-life
Emendation (zoology)
Endothelium-derived relaxing factor
Epiphyseal line
Eubaculites
Eurythenes plasticus
Exogenote
Extremotroph
Field metabolic rate
Floc (biofilm)
Fluviopupa
Flux (biology)
Folk biology
Food sampling
Fractal physiology
Frondose
Gaping (animal behavior)
Gastreochrea
Glacial relict
Goodwin model (biology)
Ground substance
Hapter
Heterogamy
Histolysis
Holozoic nutrition
Homotopic connectivity
Human Biomolecular Atlas Program
Hygroreception
Hyperactivation
Hyperchromicity
Hypothalamic–pituitary–prolactin axis
Hypothalamic–pituitary–somatotropic axis
Hypothetical list of biota
Idiobiology
Immunosurgery
INF1
Infradian rhythm
Infusoria
Institute of Biomedical Problems
International Census of Marine Microbes
Inundative application
Ipomoea trifida
Kleptoprotein
Klossiella quimrensis
Korean Biology Olympiad
Langendorff heart
Late Elongated Hypocotyl
Lee–Boot effect
Legion (taxonomy)
Leptodontaceae
Life list
Limostatin
Litoria lodesdema
Litoria nullicedens
Litoria pallidofemora
LT50
Macrobiology
Macrocyst
Maintenance of an organism
Master of Biological Sciences
Maternity den
Mathematical physiology
Matrix-M
Membrane stabilizing effect
Membranome
Memeplex
Menace reflex
Metabolite pool
Metakaryota
Milt
Monogastric
Monolysocardiolipin
Morphome
Mucrocetin
Muscle arms
Mutualism Parasitism Continuum
Myelopoiesis
Myersiohyla chamaeleo
Natural design
Neocyamus
Normalized Difference Red Edge Index
Nunatak hypothesis
Nyctimystes bivocalis
Nyctimystes cryptochrysos
Nyctimystes latratus
Nyctimystes myolae
Nyctimystes ocreptus
Occlusion effect
Oospore
Osmotic dehydration
Osmotic shock
Ovicaprid
Ovitrap
Pacific Ocean Shelf Tracking Project
Pantropical
Paracrine regulator
Peptone water
Perennibranchiate
Permanent cell
Pholas campechiensis
Photocyte
Photomutagenic
Phylogenetic classification of bony fishes
Phylotype
Physiological condition
Pithecopus azureus
Place theory (hearing)
Plithotaxis
Pre-integration complex
PRI disease resistant apple breeding program
Proceptive phase
Protein leverage hypothesis
Proteoform
Protozoology
Psammophile
Pseudoplankton
Purple Earth hypothesis
Quantitative biology
Radioimmunoprecipitation assay buffer
Range fractionation
Rational design
REG1
Relative apparent synapomorphy analysis
Renkonen similarity index
Replicate (biology)
Representative sequences
Resorption
Rheotaxis
Robustness (morphology)
Sackett self-selection circus
Schauenberg's index
Schismatomma pericleum
Section (biology)
Self-limiting (biology)
Semi-field study
Sentinel cell
Serum chloride
Sexing
Shell grit
Side population
Simband
Single-pass membrane protein
Slow vertex response
Somatopause
Sonic characteristics of marine species
Soredium
Species inquirenda
Specificity (symbiosis)
Sperm precedence
Split networks
Spondylo-meta-epiphyseal dysplasia
Stercomata
Stodtmeister cell
Stretch receptor
Subfamily
Suctorial
Synbiotics
Synhamitermes ceylonicus
Synthetic catalytic scavenger
Synthetic mycoides
Taphotaxon
Tarsaliini
Telescoping generations
Temporin
Tension zone
Tetradecadienyl acetates
Thermal grill illusion
Thermolabile
Tissue heterogeneity
Tissue hydration
Tokogeny
Toponomics
Tornaria
Transovarial transmission
Transstadial transmission
Tree-Puzzle
Troglomorphism
Trogloxene
Turnip crinkle virus (TCV) hairpin H4
Type II sensory fiber
Ultrasonic hearing
Umbilical ring
Vagal escape
Vespertine (biology)
Virtual microscope project
Voice break
Vulcanolepas
Water-use efficiency
Wetware (biology)
Whorl (biology)
Wildlife biologist
Xenohormesis
Category:Anatomy stubs
Category:Biochemistry stubs
Category:Bioinformatics stubs
Category:Biologist stubs
Category:Biophysics stubs
Category:Biotechnology stubs
Category:Biology book stubs
Category:Botany stubs
Category:Biological database stubs
Category:Developmental biology stubs
Category:Ecology stubs
Category:Evolution stubs
Category:Genetics stubs
Category:Biology journal stubs
Category:Microbiology stubs
Category:Mycology stubs
Category:Neuroscience stubs
Category:Biology organization stubs
Category:Paleontology stubs
Category:Parasite stubs
Category:Zoology stubs
Category:Ediacaran biota stubs
Category:Eukaryote stubs
Category:Biology stub templates
